<html>
<body>
<pre>
<h1>µVision Build Log</h1>
<h2>Tool Versions:</h2>
IDE-Version: µVision V5.25.2.0
Copyright (C) 2018 ARM Ltd and ARM Germany GmbH. All rights reserved.
License Information: John nonphala, Surnaree university of technology, LIC=----
 
Tool Versions:
Toolchain:       MDK-Lite  Version: 5.25.2.0
Toolchain Path:  C:\Keil_v5\ARM\ARMCC\Bin
C Compiler:      Armcc.exe V5.06 update 6 (build 750)
Assembler:       Armasm.exe V5.06 update 6 (build 750)
Linker/Locator:  ArmLink.exe V5.06 update 6 (build 750)
Library Manager: ArmAr.exe V5.06 update 6 (build 750)
Hex Converter:   FromElf.exe V5.06 update 6 (build 750)
CPU DLL:         SARMCM3.DLL V5.25.2.0
Dialog DLL:      DARMSTM.DLL V1.68.0.0
Target DLL:      UL2CM3.DLL V1.160.12.0
Dialog DLL:      TARMSTM.DLL V1.66.0.0
 
<h2>Project:</h2>
D:\BELL_LAB\WorkForJohn\WorkForJohn\Work2\MainB\MDK-ARM\Project.uvproj
Project File Date:  08/23/2018

<h2>Output:</h2>
*** Using Compiler 'V5.06 update 6 (build 750)', folder: 'C:\Keil_v5\ARM\ARMCC\Bin'
Build target 'Multi Media Development Board V1.0'
compiling main.c...
..\USER\main.c(3410): warning:  #940-D: missing return statement at end of non-void function "GetBTName" 
  }
..\USER\main.c(3865): warning:  #1-D: last line of file ends without a newline
  */
..\USER\main.c: 2 warnings, 0 errors
linking...
Program Size: Code=5356 RO-data=336 RW-data=1832 ZI-data=31376  
FromELF: creating hex file...
".\Obj\Project.axf" - 0 Error(s), 2 Warning(s).
Build Time Elapsed:  00:00:02
</pre>
</body>
</html>
